// Vitest Snapshot v1, https://vitest.dev/guide/snapshot.html

exports[`Blame Attribution: Unit Tests > should handle 3-skill problems with mixed mastery levels > mixed-mastery-3-skills 1`] = `
{
  "bayesian": [
    {
      "blame": 0.1059869428242875,
      "newPKnown": 0.9046117514581413,
      "skillId": "basic.directAddition",
    },
    {
      "blame": 0.5277061022898832,
      "newPKnown": 0.5145103858933074,
      "skillId": "fiveComplements.4=5-1",
    },
    {
      "blame": 0.8841583792645994,
      "newPKnown": 0.16889112349127658,
      "skillId": "tenComplements.9=10-1",
    },
  ],
  "heuristic": [
    {
      "blame": 0.0689655172413793,
      "newPKnown": 0.8796814597185713,
      "skillId": "basic.directAddition",
    },
    {
      "blame": 0.3448275862068966,
      "newPKnown": 0.3850574712643678,
      "skillId": "fiveComplements.4=5-1",
    },
    {
      "blame": 0.5862068965517241,
      "newPKnown": 0.0858049502855934,
      "skillId": "tenComplements.9=10-1",
    },
  ],
}
`;

exports[`Blame Attribution: Unit Tests > should produce different blame distributions for stark contrast skills > stark-contrast-2-skills 1`] = `
{
  "bayesian": {
    "basic": {
      "blame": 0.05693437106867057,
      "newPKnown": 0.9487590660381965,
    },
    "complement": {
      "blame": 0.9612907201439871,
      "newPKnown": 0.11561253746753188,
    },
  },
  "heuristic": {
    "basic": {
      "blame": 0.05263157894736847,
      "newPKnown": 0.9402144772117962,
    },
    "complement": {
      "blame": 0.9473684210526315,
      "newPKnown": 0.025858123569794052,
    },
  },
}
`;

exports[`Blame Attribution: Unit Tests > should show extreme divergence at mastery cliff > mastery-cliff-extreme 1`] = `
{
  "bayesian": {
    "masteredBlame": 0.010678492618474181,
    "newBlame": 0.9963019368715436,
  },
  "heuristic": {
    "masteredBlame": 0.010000000000000009,
    "newBlame": 0.99,
  },
}
`;
